// Jest Snapshot v1, https://goo.gl/fbAQLP

exports[`A player wins by providing correct answers each time 1`] = `
[
  "New player added: Mathieu; their place is 0 and they have 0 coins. They are NOT in the penalty box.",
  "New player added: Thomas; their place is 0 and they have 0 coins. They are NOT in the penalty box.",
  "Mathieu rolled a 1.",
  "Science Question 0",
  "Mathieu provided the correct answer.",
  "Mathieu earned a coin and consequently has 1 points.",
  "The new current player is Thomas.",
  "Thomas rolled a 1.",
  "Science Question 1",
  "Thomas provided the correct answer.",
  "Thomas earned a coin and consequently has 1 points.",
  "The new current player is Mathieu.",
  "Mathieu rolled a 1.",
  "Sports Question 0",
  "Mathieu provided the correct answer.",
  "Mathieu earned a coin and consequently has 2 points.",
  "The new current player is Thomas.",
  "Thomas rolled a 1.",
  "Sports Question 1",
  "Thomas provided the correct answer.",
  "Thomas earned a coin and consequently has 2 points.",
  "The new current player is Mathieu.",
  "Mathieu rolled a 1.",
  "Rock Question 0",
  "Mathieu provided the correct answer.",
  "Mathieu earned a coin and consequently has 3 points.",
  "The new current player is Thomas.",
  "Thomas rolled a 1.",
  "Rock Question 1",
  "Thomas provided the correct answer.",
  "Thomas earned a coin and consequently has 3 points.",
  "The new current player is Mathieu.",
  "Mathieu rolled a 1.",
  "Pop Question 0",
  "Mathieu provided the correct answer.",
  "Mathieu earned a coin and consequently has 4 points.",
  "The new current player is Thomas.",
  "Thomas rolled a 1.",
  "Pop Question 1",
  "Thomas provided the correct answer.",
  "Thomas earned a coin and consequently has 4 points.",
  "The new current player is Mathieu.",
  "Mathieu rolled a 1.",
  "Science Question 2",
  "Mathieu provided the correct answer.",
  "Mathieu earned a coin and consequently has 5 points.",
  "The new current player is Thomas.",
  "Thomas rolled a 1.",
  "Science Question 3",
  "Thomas provided the correct answer.",
  "Thomas earned a coin and consequently has 5 points.",
  "The new current player is Mathieu.",
  "Mathieu rolled a 1.",
  "Sports Question 2",
  "Mathieu provided the correct answer.",
  "Mathieu earned a coin and consequently has 6 points.",
  "Mathieu won the game.",
  "The new current player is Thomas.",
]
`;
